                        Chapter 11 Analysis Example: Logistic Mediation Model                        1
                                                                           15:01 Tuesday, May 27, 2025

                                        The LOGISTIC Procedure

                                          Model Information

                            Data Set                      WORK.A          
                            Response Variable             y               
                            Number of Response Levels     2               
                            Model                         binary logit    
                            Optimization Technique        Fisher's scoring


                               Number of Observations Read         200
                               Number of Observations Used         200


                                           Response Profile
 
                                  Ordered                      Total
                                    Value            y     Frequency

                                        1            1            95
                                        2            0           105

                                     Probability modeled is y=1.


                                       Model Convergence Status

                            Convergence criterion (GCONV=1E-8) satisfied.          


                                         Model Fit Statistics
 
                                                             Intercept
                                              Intercept            and
                                Criterion          Only     Covariates

                                AIC             278.759        261.031
                                SC              282.057        267.628
                                -2 Log L        276.759        257.031


                               Testing Global Null Hypothesis: BETA=0
 
                       Test                 Chi-Square       DF     Pr > ChiSq

                       Likelihood Ratio        19.7277        1         <.0001
                       Score                   19.1531        1         <.0001
                       Wald                    17.3896        1         <.0001


                        Chapter 11 Analysis Example: Logistic Mediation Model                        2
                                                                           15:01 Tuesday, May 27, 2025

                                        The LOGISTIC Procedure

                              Analysis of Maximum Likelihood Estimates
 
                                                Standard          Wald
                 Parameter    DF    Estimate       Error    Chi-Square    Pr > ChiSq

                 Intercept     1     -0.4551      0.1664        7.4754        0.0063
                 x             1      1.5537      0.3726       17.3896        <.0001


                    Association of Predicted Probabilities and Observed Responses

                          Percent Concordant     33.6    Somers' D    0.265
                          Percent Discordant      7.1    Gamma        0.651
                          Percent Tied           59.3    Tau-a        0.133
                          Pairs                  9975    c            0.632


                              Parameter Estimates and Profile-Likelihood
                                         Confidence Intervals
 
                           Parameter     Estimate     95% Confidence Limits

                           Intercept      -0.4551      -0.7860      -0.1321
                           x               1.5537       0.8481       2.3186


                                     Parameter Estimates and Wald
                                         Confidence Intervals
 
                           Parameter     Estimate     95% Confidence Limits

                           Intercept      -0.4551      -0.7813      -0.1288
                           x               1.5537       0.8234       2.2839


                   Odds Ratio Estimates and Profile-Likelihood Confidence Intervals
 
                      Effect         Unit     Estimate     95% Confidence Limits

                      x            1.0000        4.729        2.335       10.162


                          Odds Ratio Estimates and Wald Confidence Intervals
 
                      Effect         Unit     Estimate     95% Confidence Limits

                      x            1.0000        4.729        2.278        9.815
                        Chapter 11 Analysis Example: Logistic Mediation Model                        3
                                                                           15:01 Tuesday, May 27, 2025

                                        The LOGISTIC Procedure

                                          Model Information

                            Data Set                      WORK.A          
                            Response Variable             y               
                            Number of Response Levels     2               
                            Model                         binary logit    
                            Optimization Technique        Fisher's scoring


                               Number of Observations Read         200
                               Number of Observations Used         200


                                           Response Profile
 
                                  Ordered                      Total
                                    Value            y     Frequency

                                        1            1            95
                                        2            0           105

                                     Probability modeled is y=1.


                                       Model Convergence Status

                            Convergence criterion (GCONV=1E-8) satisfied.          


                                         Model Fit Statistics
 
                                                             Intercept
                                              Intercept            and
                                Criterion          Only     Covariates

                                AIC             278.759        193.767
                                SC              282.057        203.662
                                -2 Log L        276.759        187.767


                               Testing Global Null Hypothesis: BETA=0
 
                       Test                 Chi-Square       DF     Pr > ChiSq

                       Likelihood Ratio        88.9920        2         <.0001
                       Score                   71.3329        2         <.0001
                       Wald                    48.3606        2         <.0001
                        Chapter 11 Analysis Example: Logistic Mediation Model                        4
                                                                           15:01 Tuesday, May 27, 2025

                                        The LOGISTIC Procedure

                              Analysis of Maximum Likelihood Estimates
 
                                                Standard          Wald
                 Parameter    DF    Estimate       Error    Chi-Square    Pr > ChiSq

                 Intercept     1     -7.1672      1.0796       44.0761        <.0001
                 x             1      1.4670      0.4352       11.3632        0.0007
                 m             1      1.6791      0.2604       41.5821        <.0001


                    Association of Predicted Probabilities and Observed Responses

                          Percent Concordant     78.2    Somers' D    0.690
                          Percent Discordant      9.2    Gamma        0.789
                          Percent Tied           12.6    Tau-a        0.346
                          Pairs                  9975    c            0.845


                              Parameter Estimates and Profile-Likelihood
                                         Confidence Intervals
 
                           Parameter     Estimate     95% Confidence Limits

                           Intercept      -7.1672      -9.4515      -5.1987
                           x               1.4670       0.6389       2.3555
                           m               1.6791       1.2034       2.2296


                                     Parameter Estimates and Wald
                                         Confidence Intervals
 
                           Parameter     Estimate     95% Confidence Limits

                           Intercept      -7.1672      -9.2832      -5.0513
                           x               1.4670       0.6141       2.3200
                           m               1.6791       1.1688       2.1895


                   Odds Ratio Estimates and Profile-Likelihood Confidence Intervals
 
                      Effect         Unit     Estimate     95% Confidence Limits

                      x            1.0000        4.336        1.894       10.544
                      m            1.0000        5.361        3.331        9.296


                        Chapter 11 Analysis Example: Logistic Mediation Model                        5
                                                                           15:01 Tuesday, May 27, 2025

                                        The LOGISTIC Procedure

                          Odds Ratio Estimates and Wald Confidence Intervals
 
                      Effect         Unit     Estimate     95% Confidence Limits

                      x            1.0000        4.336        1.848       10.176
                      m            1.0000        5.361        3.218        8.931


                                     Estimated Covariance Matrix
 
                         Parameter      Intercept             x             m

                         Intercept       1.165473      -0.09816      -0.27602
                         x               -0.09816      0.189403      0.013828
                         m               -0.27602      0.013828      0.067804
                        Chapter 11 Analysis Example: Logistic Mediation Model                        6
                                                                           15:01 Tuesday, May 27, 2025

                                          The REG Procedure
                                            Model: MODEL1
                                        Dependent Variable: m 

                               Number of Observations Read         200
                               Number of Observations Used         200


                                         Analysis of Variance
 
                                                Sum of           Mean
            Source                   DF        Squares         Square    F Value    Pr > F

            Model                     1        7.88491        7.88491       7.88    0.0055
            Error                   198      198.03509        1.00018                     
            Corrected Total         199      205.92000                                    


                         Root MSE              1.00009    R-Square     0.0383
                         Dependent Mean        3.98000    Adj R-Sq     0.0334
                         Coeff Var            25.12785                       


                                         Parameter Estimates
 
                                      Parameter       Standard
                 Variable     DF       Estimate          Error    t Value    Pr > |t|

                 Intercept     1        3.86842        0.08112      47.69      <.0001
                 x             1        0.46491        0.16558       2.81      0.0055
