                        Chapter 10 Analysis Example: Moderation and Mediation                       94
                                                                         02:23 Thursday, June 12, 2025

                                         The MEANS Procedure

            Variable     N            Mean         Std Dev         Minimum         Maximum
            ƒƒƒƒƒƒƒƒƒƒƒƒƒƒƒƒƒƒƒƒƒƒƒƒƒƒƒƒƒƒƒƒƒƒƒƒƒƒƒƒƒƒƒƒƒƒƒƒƒƒƒƒƒƒƒƒƒƒƒƒƒƒƒƒƒƒƒƒƒƒƒƒƒƒƒƒƒƒ
            ID          44      22.5000000      12.8452326       1.0000000      44.0000000
            X           44       0.4545455       0.5036862               0       1.0000000
            M           44       6.1590909       2.8768780       1.0000000       9.0000000
            Y           44      13.2272727       3.7594138       4.0000000      19.0000000
            R           44       6.6818182       2.3003814       1.0000000       9.0000000
            gender      44       0.7500000       0.4380188               0       1.0000000
            verbal      44       6.0227273       0.7920722       5.0000000       7.0000000
            c3          44       3.2954545       0.8781467       2.0000000       5.0000000
            a           44       0.4545455       0.5036862               0       1.0000000
            m1          44       6.1590909       2.8768780       1.0000000       9.0000000
            m2          44       6.6818182       2.3003814       1.0000000       9.0000000
            c1          44       0.7500000       0.4380188               0       1.0000000
            c2          44       6.0227273       0.7920722       5.0000000       7.0000000
            ƒƒƒƒƒƒƒƒƒƒƒƒƒƒƒƒƒƒƒƒƒƒƒƒƒƒƒƒƒƒƒƒƒƒƒƒƒƒƒƒƒƒƒƒƒƒƒƒƒƒƒƒƒƒƒƒƒƒƒƒƒƒƒƒƒƒƒƒƒƒƒƒƒƒƒƒƒƒ
                        Chapter 10 Analysis Example: Moderation and Mediation                       95
                                                                         02:23 Thursday, June 12, 2025

                                        The NLMIXED Procedure

                                            Specifications

                   Data Set                                    WORK.MYDATA         
                   Dependent Variable                          Y                   
                   Distribution for Dependent Variable         General             
                   Optimization Technique                      Dual Quasi-Newton   
                   Integration Method                          None                


                                              Dimensions

                               Observations Used                     44
                               Observations Not Used                  0
                               Total Observations                    44
                               Parameters                            24


                                          Initial Parameters
 
        t0        t1        t2        t3        t4        t5       tc1       tc2       tc3        b0

         0         0         0         0         0         0         0         0         0         0

                                          Initial Parameters
 
        b1        b2        b3       bc1       bc2       bc3        r0        r1       rc1       rc2

         0         0         0         0         0         0         0         0         0         0

                                          Initial Parameters
 
                                                                        Negative
                                                                             Log
                           rc3       ss_m1       ss_m2        ss_y    Likelihood

                             0           1           1           1        6261.5


                                           Iteration History
 
                                       Negative
                                            Log                   Maximum
                 Iteration Calls     Likelihood    Difference    Gradient       Slope

                        1      6      1060.6527      5200.847     775.024     -844523
                        2     10       497.6740      562.9788     255.179    -541.213
                        3     14       393.9231      103.7509     211.755    -124.490
                        4     18       331.0994      62.82366     149.674    -41.5756
                        5     22       304.5888      26.51055     107.310    -30.9824
                        6     25       295.8432       8.74567     71.6260    -8.94307
                        Chapter 10 Analysis Example: Moderation and Mediation                       96
                                                                         02:23 Thursday, June 12, 2025

                                        The NLMIXED Procedure

                                           Iteration History
 
                                       Negative
                                            Log                   Maximum
                 Iteration Calls     Likelihood    Difference    Gradient       Slope

                        7     29       249.9986      45.84455     80.3429    -7.52977
                        8     32       229.1648      20.83385     46.8553    -18.8874
                        9     35       224.5615      4.603249     40.2523    -2.78719
                       10     37       217.2876      7.273971     29.5850    -2.89567
                       11     40       214.8650      2.422588     24.6341    -2.53984
                       12     44       208.6549      6.210055     25.8585    -1.37531
                       13     46       198.2997      10.35519     32.3630    -6.31975
                       14     48       190.4982       7.80152     25.9462    -7.12493
                       15     51       187.8026      2.695588     11.8937    -2.58329
                       16     54       187.1748      0.627822     10.4057    -0.60994
                       17     57       186.8261      0.348644     10.1717    -0.31012
                       18     61       185.2991      1.527058     16.6458    -0.22048
                       19     63       183.3366      1.962529     18.4930    -1.05455
                       20     66       181.9877      1.348855     6.90344    -0.93734
                       21     69       181.8244      0.163303     2.86048    -0.16309
                       22     72       181.7873      0.037121     2.66024    -0.03710
                       23     76       181.6828       0.10443     2.07016    -0.02076
                       24     78       181.5609      0.121986     8.14674    -0.06415
                       25     82       180.8592      0.701621     6.23010    -0.10959
                       26     85       180.3949      0.464378     5.44250    -0.44753
                       27     88       180.3225      0.072379     1.30180    -0.07587
                       28     91       180.3025      0.019944     1.27557    -0.01772
                       29     93       180.2781      0.024446     2.56152    -0.00775
                       30     97       180.1846      0.093503     4.26406    -0.01619
                       31    103       177.8270      2.357562     8.57244    -0.14238
                       32    106       177.3712      0.455845     2.56672    -0.96916
                       33    109       177.3144      0.056803     2.67578    -0.10473
                       34    112       177.3034      0.010941     2.23457    -0.00715
                       35    118       177.0652      0.238281     3.38796    -0.01973
                       36    122       175.6114      1.453743     2.90174    -0.55813
                       37    125       175.3643      0.247072     1.56497    -0.53202
                       38    128       175.3311      0.033259     1.21382    -0.07370
                       39    131       175.3270      0.004089     1.21365    -0.00397
                       40    135       175.3103       0.01671     1.35861    -0.00545
                       41    141       174.5973      0.712992     8.56302    -0.03788
                       42    143       173.9637      0.633587     5.42798    -0.78818
                       43    146       173.8716      0.092147     3.05057    -0.18460
                       44    149       173.8585      0.013083     2.91359    -0.00911
                       45    155       173.5451      0.313327     8.53977    -0.02196
                       46    159       172.0383      1.506835     10.7963    -0.72480
                       47    162       171.3921      0.646263     4.37739    -1.10724
                       48    165       171.3281      0.063943     1.59412    -0.11658
                       49    168       171.3216      0.006504     1.16929    -0.01152
                       50    170       171.3147       0.00692     1.33431    -0.00306
                        Chapter 10 Analysis Example: Moderation and Mediation                       97
                                                                         02:23 Thursday, June 12, 2025

                                        The NLMIXED Procedure

                                           Iteration History
 
                                       Negative
                                            Log                   Maximum
                 Iteration Calls     Likelihood    Difference    Gradient       Slope

                       51    174       171.2139      0.100757     1.67615    -0.01175
                       52    178       170.3508      0.863139     5.69693    -0.18200
                       53    181       169.8837      0.467092     1.69179    -0.58128
                       54    184       169.8723      0.011386     0.52952    -0.02232
                       55    187       169.8708      0.001471     0.56680    -0.00189
                       56    189       169.8686      0.002194     0.58201    -0.00076
                       57    193       169.8401      0.028524     1.75269    -0.00362
                       58    197       169.4371      0.403036     2.15694    -0.04837
                       59    200       169.2813      0.155827     0.81825    -0.19164
                       60    203       169.2731      0.008133     0.45657    -0.01428
                       61    206       169.2724      0.000704     0.48529    -0.00076
                       62    210       169.2683      0.004085     0.40434    -0.00088
                       63    216       169.0948      0.173578     2.22484    -0.00823
                       64    220       168.6039      0.490853     1.49270    -0.22841
                       65    223       168.5402      0.063721     0.46399    -0.14601
                       66    226       168.5369      0.003236     0.43061    -0.00846
                       67    229       168.5366      0.000372     0.41932    -0.00060
                       68    233       168.5320      0.004552     0.45788    -0.00016
                       69    239       168.4364      0.095657     1.07155    -0.00958
                       70    242       168.3732       0.06313     0.48697    -0.08206
                       71    245       168.3702      0.003058     0.23348    -0.00591
                       72    248       168.3700      0.000182     0.24536    -0.00021
                       73    252       168.3674      0.002558     0.56648    -0.00020
                       74    256       168.3254      0.042059     1.16659    -0.00542
                       75    258       168.3037      0.021658     0.20519    -0.04796
                       76    261       168.2904      0.013313     0.16178    -0.02759
                       77    264       168.2903      0.000109     0.16493    -0.00025
                       78    267       168.2902      0.000068     0.16317    -0.00003
                       79    275       168.2738      0.016434     1.07326    -0.00010
                       80    279       168.2086      0.065189     1.21830    -0.02918
                       81    282       168.2027      0.005928     0.39295    -0.01209
                       82    285       168.2024      0.000269     0.38749    -0.00028
                       83    291       168.1711       0.03135     1.21551    -0.00031
                       84    295       167.9323      0.238716     1.03968    -0.05909
                       85    298       167.9167      0.015638     0.32863    -0.03084
                       86    301       167.9165      0.000194     0.33969    -0.00031
                       87    305       167.9139      0.002626     0.40584    -0.00010
                       88    311       167.8613      0.052549     1.43940    -0.00532
                       89    314       167.8460       0.01531    0.054314    -0.02714
                       90    317       167.8458      0.000247    0.052719    -0.00048
                       91    320       167.8458       9.88E-6    0.053417    -5.34E-6
                       92    326       167.8441      0.001672     0.37284    -0.00002
                       93    330       167.8292      0.014923     1.45846    -0.00420
                       94    334       167.7783      0.050863     0.17578    -0.01983
                        Chapter 10 Analysis Example: Moderation and Mediation                       98
                                                                         02:23 Thursday, June 12, 2025

                                        The NLMIXED Procedure

                                           Iteration History
 
                                       Negative
                                            Log                   Maximum
                 Iteration Calls     Likelihood    Difference    Gradient       Slope

                       95    337       167.7780      0.000286    0.050146    -0.00058
                       96    340       167.7780      3.466E-6    0.049179    -4.36E-6
                       97    346       167.7778      0.000229     0.13999    -2.89E-6
                       98    352       167.7377      0.040067     0.60315    -0.00046
                       99    355       167.7152      0.022556     0.18468    -0.03837
                      100    358       167.7147       0.00047    0.035243    -0.00085
                      101    361       167.7147      1.772E-6    0.037057    -2.32E-6
                      102    367       167.7144      0.000286     0.15071     -1.3E-6


                             NOTE: GCONV convergence criterion satisfied.          


                                            Fit Statistics

                               -2 Log Likelihood                  335.4
                               AIC (smaller is better)            383.4
                               AICC (smaller is better)           446.6
                               BIC (smaller is better)            426.2


                                         Parameter Estimates
 
                          Standard                                      95% Confidence
 Parameter    Estimate       Error      DF    t Value    Pr > |t|           Limits           Gradient

 t0            -1.4943      6.1990      44      -0.24      0.8106    -13.9875     10.9990    -0.01416
 t1           -10.1630      7.2297      44      -1.41      0.1668    -24.7334      4.4075    0.000413
 t2             0.3880      0.2688      44       1.44      0.1560     -0.1538      0.9297    -0.01412
 t3             0.1069      0.5274      44       0.20      0.8403     -0.9560      1.1697    -0.01608
 t4             1.2771      0.6499      44       1.96      0.0558    -0.03279      2.5870    -0.00657
 t5             0.2971      0.6287      44       0.47      0.6388     -0.9698      1.5641    -0.00695
 tc1            1.7443      1.0948      44       1.59      0.1183     -0.4621      3.9508    -0.00253
 tc2            1.0296      0.5632      44       1.83      0.0743     -0.1055      2.1647    -0.01747
 tc3            1.0119      0.5506      44       1.84      0.0728    -0.09773      2.1216    0.000300
 b0             9.1210      2.2744      44       4.01      0.0002      4.5372     13.7048    0.010347
 b1            -5.0382      2.6560      44      -1.90      0.0644    -10.3910      0.3147    -0.00439
 b2            -0.2772      0.1195      44      -2.32      0.0251     -0.5182    -0.03632    0.097212
 b3             0.4021      0.3436      44       1.17      0.2482     -0.2904      1.0946     0.15071
 bc1           -1.0209      0.5630      44      -1.81      0.0766     -2.1556      0.1137    0.016655
 bc2           0.08306      0.3097      44       0.27      0.7898     -0.5411      0.7072    0.089404
 bc3            0.1044      0.3003      44       0.35      0.7298     -0.5009      0.7097    0.063798
 r0             1.6899      3.1017      44       0.54      0.5886     -4.5612      7.9410    -0.03743
 r1             3.6709      0.6858      44       5.35      <.0001      2.2887      5.0532    -0.00260
 rc1            0.2798      0.7721      44       0.36      0.7188     -1.2763      1.8359    -0.00095
                        Chapter 10 Analysis Example: Moderation and Mediation                       99
                                                                         02:23 Thursday, June 12, 2025

                                        The NLMIXED Procedure

                                         Parameter Estimates
 
                          Standard                                      95% Confidence
 Parameter    Estimate       Error      DF    t Value    Pr > |t|           Limits           Gradient

 rc2            0.2436      0.4261      44       0.57      0.5703     -0.6150      1.1023    -0.00384
 rc3            0.3396      0.3923      44       0.87      0.3914     -0.4510      1.1303    -0.02223
 ss_m1          4.8471      1.0341      44       4.69      <.0001      2.7630      6.9312    0.001743
 ss_m2          2.5228      0.5383      44       4.69      <.0001      1.4380      3.6077    0.005519
 ss_y           8.3282      1.7741      44       4.69      <.0001      4.7528     11.9037    -0.00260


                                        Additional Estimates
 
                                                        Standard
 Label                                       Estimate      Error     DF   t Value   Pr > |t|   Alpha

 Direct Effect                                -2.0701     2.4785     44     -0.84     0.4081    0.05
 Path Specific Effect via M1 alone             6.1123     2.3853     44      2.56     0.0139    0.05
 Path Specific Effect via M2 alone            -1.3067     1.1680     44     -1.12     0.2693    0.05
 Path Specific Effect via both M1 and M2       0.1852     0.4898     44      0.38     0.7072    0.05
 Path Specific Effect via M1 (with/out M2)     6.2975     2.4468     44      2.57     0.0135    0.05
 Path Specific Effect via M2 (with/out M1)    -1.1215     0.9308     44     -1.20     0.2347    0.05
 Total Indirect Effect                         4.9908     2.5786     44      1.94     0.0594    0.05
 Total Effect                                  2.9207     1.2679     44      2.30     0.0260    0.05
 Proportion Direct Effect                     -0.7088     0.9520     44     -0.74     0.4605    0.05
 Proportion via M1                             2.0928     0.9980     44      2.10     0.0418    0.05
 Proportion via M2                            -0.4474     0.4463     44     -1.00     0.3216    0.05
 Proportion via both M1 and M2                0.06340     0.1686     44      0.38     0.7086    0.05
 Total Proportion via M1                       2.1562     1.0252     44      2.10     0.0412    0.05

 
                                         Additional Estimates
 
                   Label                                          Lower       Upper

                   Direct Effect                                -7.0651      2.9249
                   Path Specific Effect via M1 alone             1.3051     10.9195
                   Path Specific Effect via M2 alone            -3.6607      1.0472
                   Path Specific Effect via both M1 and M2      -0.8019      1.1723
                   Path Specific Effect via M1 (with/out M2)     1.3662     11.2287
                   Path Specific Effect via M2 (with/out M1)    -2.9975      0.7544
                   Total Indirect Effect                        -0.2060     10.1875
                   Total Effect                                  0.3654      5.4759
                   Proportion Direct Effect                     -2.6274      1.2098
                   Proportion via M1                            0.08138      4.1042
                   Proportion via M2                            -1.3468      0.4520
                   Proportion via both M1 and M2                -0.2763      0.4032
                   Total Proportion via M1                      0.09012      4.2222
                        Chapter 10 Analysis Example: Moderation and Mediation                      100
                                                                         02:23 Thursday, June 12, 2025

                                        The NLMIXED Procedure

                                        Additional Estimates
 
                                                        Standard
 Label                                       Estimate      Error     DF   t Value   Pr > |t|   Alpha

 Total Proportion via M2                      -0.3840     0.3653     44     -1.05     0.2989    0.05
 Proportion via M1 or M2                       1.7088     0.9520     44      1.79     0.0795    0.05

 
                                         Additional Estimates
 
                   Label                                          Lower       Upper

                   Total Proportion via M2                      -1.1202      0.3522
                   Proportion via M1 or M2                      -0.2098      3.6274
